// Jest Snapshot v1, https://goo.gl/fbAQLP

exports[`<GameResult /> matches snapshot 1`] = `
<h2>
  Both won!
</h2>
`;
