// Jest Snapshot v1, https://goo.gl/fbAQLP

exports[`<App /> matches snapshot 1`] = `
<p>
  Loading deck...
</p>
`;
